[www.enableds.com/products/ultramobile/index.html]
[backblue.gif]
[fade.gif]
[index.html]
[www.enableds.com/products/ultramobile/styles/style.css]
[www.enableds.com/products/ultramobile/fonts/css/fontawesome-all.min.css]
[www.enableds.com/products/ultramobile/styles/framework.css]
[www.enableds.com/products/ultramobile/homepages.html]
[www.enableds.com/products/ultramobile/components.html]
[www.enableds.com/products/ultramobile/navigations.html]
[www.enableds.com/products/ultramobile/pages.html]
[www.enableds.com/products/ultramobile/pageapps.html]
[www.enableds.com/products/ultramobile/store.html]
[www.enableds.com/products/ultramobile/news.html]
[www.enableds.com/products/ultramobile/blog.html]
[www.enableds.com/products/ultramobile/media.html]
[www.enableds.com/products/ultramobile/contact.html]
[www.enableds.com/products/ultramobile/images/empty.png]
[www.enableds.com/products/ultramobile/images/pictures/10.jpg]
[www.enableds.com/products/ultramobile/images/pictures/7.jpg]
[www.enableds.com/products/ultramobile/images/pictures/8.jpg]
[www.enableds.com/products/ultramobile/images/pictures/2t.jpg]
[www.enableds.com/products/ultramobile/images/pictures/2s.jpg]
[www.enableds.com/products/ultramobile/images/pictures/1t.jpg]
[www.enableds.com/products/ultramobile/images/pictures/1s.jpg]
[www.enableds.com/products/ultramobile/images/pictures/5t.jpg]
[www.enableds.com/products/ultramobile/images/pictures/5s.jpg]
[www.enableds.com/products/ultramobile/images/pictures/3t.jpg]
[www.enableds.com/products/ultramobile/images/pictures/3s.jpg]
[www.enableds.com/products/ultramobile/images/pictures/6t.jpg]
[www.enableds.com/products/ultramobile/images/pictures/6s.jpg]
[www.enableds.com/products/ultramobile/images/pictures/4t.jpg]
[www.enableds.com/products/ultramobile/images/pictures/4s.jpg]
[www.enableds.com/products/ultramobile/scripts/jquery.js]
[www.enableds.com/products/ultramobile/scripts/plugins.js]
[www.enableds.com/products/ultramobile/index.html]
[www.enableds.com/products/ultramobile/scripts/custom.js]
[www.enableds.com/products/ultramobile/images/logo-dark-red.png]
[www.enableds.com/products/ultramobile/images/logo-light-red.png]
[www.enableds.com/products/ultramobile/images/logo-dark-blue.png]
[www.enableds.com/products/ultramobile/images/logo-light-blue.png]
[www.enableds.com/products/ultramobile/images/logo-dark-green.png]
[www.enableds.com/products/ultramobile/images/logo-light-green.png]
[www.enableds.com/products/ultramobile/images/logo-dark-pink.png]
[www.enableds.com/products/ultramobile/images/logo-light-pink.png]
[www.enableds.com/products/ultramobile/images/logo-dark-orange.png]
[www.enableds.com/products/ultramobile/images/logo-light-orange.png]
[www.enableds.com/products/ultramobile/images/logo-dark-magenta.png]
[www.enableds.com/products/ultramobile/images/logo-light-magenta.png]
[www.enableds.com/products/ultramobile/images/logo-dark.png]
[www.enableds.com/products/ultramobile/images/logo-light.png]
[www.enableds.com/products/ultramobile/styles/style.css]
[www.enableds.com/products/ultramobile/fonts/webfonts/fa-brands-400.eot]
[www.enableds.com/products/ultramobile/fonts/webfonts/fa-brands-400d41d.eot]
[www.enableds.com/products/ultramobile/fonts/webfonts/fa-brands-400.woff2]
[www.enableds.com/products/ultramobile/fonts/webfonts/fa-brands-400.woff]
[www.enableds.com/products/ultramobile/fonts/webfonts/fa-brands-400.ttf]
[www.enableds.com/products/ultramobile/fonts/webfonts/fa-brands-400.svg]
[www.enableds.com/products/ultramobile/fonts/webfonts/fa-regular-400.eot]
[www.enableds.com/products/ultramobile/fonts/webfonts/fa-regular-400d41d.eot]
[www.enableds.com/products/ultramobile/fonts/webfonts/fa-regular-400.woff2]
[www.enableds.com/products/ultramobile/fonts/webfonts/fa-regular-400.woff]
[www.enableds.com/products/ultramobile/fonts/webfonts/fa-regular-400.ttf]
[www.enableds.com/products/ultramobile/fonts/webfonts/fa-regular-400.svg]
[www.enableds.com/products/ultramobile/fonts/webfonts/fa-solid-900.eot]
[www.enableds.com/products/ultramobile/fonts/webfonts/fa-solid-900d41d.eot]
[www.enableds.com/products/ultramobile/fonts/webfonts/fa-solid-900.woff2]
[www.enableds.com/products/ultramobile/fonts/webfonts/fa-solid-900.woff]
[www.enableds.com/products/ultramobile/fonts/webfonts/fa-solid-900.ttf]
[www.enableds.com/products/ultramobile/fonts/css/fontawesome-all.min.css]
[www.enableds.com/products/ultramobile/fonts/webfonts/fa-solid-900.svg]
[www.enableds.com/products/ultramobile/images/pictures/1.jpg]
[www.enableds.com/products/ultramobile/images/pictures/2.jpg]
[www.enableds.com/products/ultramobile/images/pictures/3.jpg]
[www.enableds.com/products/ultramobile/images/pictures/4.jpg]
[www.enableds.com/products/ultramobile/images/pictures/5.jpg]
[www.enableds.com/products/ultramobile/images/pictures/6.jpg]
[www.enableds.com/products/ultramobile/images/pictures/9.jpg]
[www.enableds.com/products/ultramobile/images/pictures_vertical/bg0.jpg]
[www.enableds.com/products/ultramobile/images/pictures_vertical/bg1.jpg]
[www.enableds.com/products/ultramobile/images/pictures_vertical/bg2.jpg]
[www.enableds.com/products/ultramobile/images/pictures_vertical/bg3.jpg]
[www.enableds.com/products/ultramobile/images/pictures_vertical/bg4.jpg]
[www.enableds.com/products/ultramobile/images/pictures_vertical/bg5.jpg]
[www.enableds.com/products/ultramobile/images/pictures_vertical/bg6.jpg]
[www.enableds.com/products/ultramobile/images/pictures_vertical/bg7.jpg]
[www.enableds.com/products/ultramobile/images/pictures_vertical/bg8.jpg]
[www.enableds.com/products/ultramobile/images/pictures_vertical/bg9.jpg]
[www.enableds.com/products/ultramobile/images/pictures_vertical/bg10.jpg]
[www.enableds.com/products/ultramobile/images/framework/deco-zig.png]
[www.enableds.com/products/ultramobile/images/framework/deco-slash.png]
[www.enableds.com/products/ultramobile/styles/framework.css]
[www.enableds.com/products/ultramobile/page-about.html]
[www.enableds.com/products/ultramobile/home-classic.html]
[www.enableds.com/products/ultramobile/home-cover.html]
[www.enableds.com/products/ultramobile/home-news.html]
[www.enableds.com/products/ultramobile/home-store.html]
[www.enableds.com/products/ultramobile/home-blog.html]
[www.enableds.com/products/ultramobile/home-login.html]
[www.enableds.com/products/ultramobile/home-walk-1.html]
[www.enableds.com/products/ultramobile/home-walk-2.html]
[www.enableds.com/products/ultramobile/home-walk-3.html]
[www.enableds.com/products/ultramobile/home-walk-4.html]
[www.enableds.com/products/ultramobile/homepages.html]
[www.enableds.com/products/ultramobile/home-walk-5.html]
[www.enableds.com/products/ultramobile/component-ad-boxes.html]
[www.enableds.com/products/ultramobile/component-accordions.html]
[www.enableds.com/products/ultramobile/component-action-boxes.html]
[www.enableds.com/products/ultramobile/component-buttons.html]
[www.enableds.com/products/ultramobile/component-backtotop.html]
[www.enableds.com/products/ultramobile/component-charts.html]
[www.enableds.com/products/ultramobile/component-chips.html]
[www.enableds.com/products/ultramobile/component-cookie-box.html]
[www.enableds.com/products/ultramobile/component-content-boxes.html]
[www.enableds.com/products/ultramobile/component-color-cards.html]
[www.enableds.com/products/ultramobile/component-columns.html]
[www.enableds.com/products/ultramobile/component-colors.html]
[www.enableds.com/products/ultramobile/component-dropdowns.html]
[www.enableds.com/products/ultramobile/component-decorations.html]
[www.enableds.com/products/ultramobile/component-graphs.html]
[www.enableds.com/products/ultramobile/component-google-fonts.html]
[www.enableds.com/products/ultramobile/component-inputs.html]
[www.enableds.com/products/ultramobile/component-icons.html]
[www.enableds.com/products/ultramobile/component-icons-font.html]
[www.enableds.com/products/ultramobile/component-images.html]
[www.enableds.com/products/ultramobile/component-background-infinite.html]
[www.enableds.com/products/ultramobile/component-notifications.html]
[www.enableds.com/products/ultramobile/component-os-detection.html]
[www.enableds.com/products/ultramobile/component-quotes.html]
[www.enableds.com/products/ultramobile/component-pagination.html]
[www.enableds.com/products/ultramobile/component-pricing-table.html]
[www.enableds.com/products/ultramobile/component-reviews.html]
[www.enableds.com/products/ultramobile/component-reading-progress.html]
[www.enableds.com/products/ultramobile/component-snackbars.html]
[www.enableds.com/products/ultramobile/component-socials.html]
[www.enableds.com/products/ultramobile/component-share-links.html]
[www.enableds.com/products/ultramobile/component-sortable.html]
[www.enableds.com/products/ultramobile/component-search.html]
[www.enableds.com/products/ultramobile/component-tabs.html]
[www.enableds.com/products/ultramobile/component-tables.html]
[www.enableds.com/products/ultramobile/component-toasts.html]
[www.enableds.com/products/ultramobile/component-toggles.html]
[www.enableds.com/products/ultramobile/components.html]
[www.enableds.com/products/ultramobile/component-typography.html]
[www.enableds.com/products/ultramobile/ultra-menus.html]
[www.enableds.com/products/ultramobile/navigations.html]
[www.enableds.com/products/ultramobile/page-article-cards.html]
[www.enableds.com/products/ultramobile/page-article-list.html]
[www.enableds.com/products/ultramobile/page-career.html]
[www.enableds.com/products/ultramobile/page-404.html]
[www.enableds.com/products/ultramobile/page-embeds.html]
[www.enableds.com/products/ultramobile/page-faq.html]
[www.enableds.com/products/ultramobile/page-login.html]
[www.enableds.com/products/ultramobile/page-maintenance.html]
[www.enableds.com/products/ultramobile/page-register.html]
[www.enableds.com/products/ultramobile/page-team.html]
[www.enableds.com/products/ultramobile/page-timeline-1.html]
[www.enableds.com/products/ultramobile/page-timeline-2.html]
[www.enableds.com/products/ultramobile/page-forgot.html]
[www.enableds.com/products/ultramobile/page-profile-1.html]
[www.enableds.com/products/ultramobile/page-profile-2.html]
[www.enableds.com/products/ultramobile/page-system.html]
[www.enableds.com/products/ultramobile/page-task-progress.html]
[www.enableds.com/products/ultramobile/page-tos.html]
[www.enableds.com/products/ultramobile/page-soon.html]
[www.enableds.com/products/ultramobile/pages.html]
[www.enableds.com/products/ultramobile/page-vcard.html]
[www.enableds.com/products/ultramobile/pageapp-calendar.html]
[www.enableds.com/products/ultramobile/pageapp-chat.html]
[www.enableds.com/products/ultramobile/pageapp-cover-slider.html]
[www.enableds.com/products/ultramobile/pageapp-cover-walk-1.html]
[www.enableds.com/products/ultramobile/pageapp-cover-walk-2.html]
[www.enableds.com/products/ultramobile/pageapp-cover-walk-3.html]
[www.enableds.com/products/ultramobile/pageapp-cover-walk-4.html]
[www.enableds.com/products/ultramobile/pageapp-cover-walk-5.html]
[www.enableds.com/products/ultramobile/pageapp-soon.html]
[www.enableds.com/products/ultramobile/pageapp-error.html]
[www.enableds.com/products/ultramobile/pageapp-login-1.html]
[www.enableds.com/products/ultramobile/pageapp-login-2.html]
[www.enableds.com/products/ultramobile/pageapp-login-3.html]
[www.enableds.com/products/ultramobile/pageapps.html]
[www.enableds.com/products/ultramobile/pageapp-map-full.html]
[www.enableds.com/products/ultramobile/store-cover.html]
[www.enableds.com/products/ultramobile/store-home-1.html]
[www.enableds.com/products/ultramobile/store-home-2.html]
[www.enableds.com/products/ultramobile/store-product-1.html]
[www.enableds.com/products/ultramobile/store-home-3.html]
[www.enableds.com/products/ultramobile/store-product-2.html]
[www.enableds.com/products/ultramobile/store-cart-1.html]
[www.enableds.com/products/ultramobile/store-cart-2.html]
[www.enableds.com/products/ultramobile/store-checkout-1.html]
[www.enableds.com/products/ultramobile/store-checkout-2.html]
[www.enableds.com/products/ultramobile/store-invoice.html]
[www.enableds.com/products/ultramobile/store-list-list.html]
[www.enableds.com/products/ultramobile/store.html]
[www.enableds.com/products/ultramobile/store-list-columns.html]
[www.enableds.com/products/ultramobile/images/pictures/8s.jpg]
[www.enableds.com/products/ultramobile/images/pictures/7s.jpg]
[www.enableds.com/products/ultramobile/images/pictures/9s.jpg]
[www.enableds.com/products/ultramobile/news-cover.html]
[www.enableds.com/products/ultramobile/news-home.html]
[www.enableds.com/products/ultramobile/news-article.html]
[www.enableds.com/products/ultramobile/news-list-1.html]
[www.enableds.com/products/ultramobile/news-list-2.html]
[www.enableds.com/products/ultramobile/news-list-3.html]
[www.enableds.com/products/ultramobile/news-bookmarks.html]
[www.enableds.com/products/ultramobile/news.html]
[www.enableds.com/products/ultramobile/news-archive.html]
[www.enableds.com/products/ultramobile/blog-home.html]
[www.enableds.com/products/ultramobile/blog-post.html]
[www.enableds.com/products/ultramobile/blog-list.html]
[www.enableds.com/products/ultramobile/blog-column.html]
[www.enableds.com/products/ultramobile/blog-categories.html]
[www.enableds.com/products/ultramobile/blog.html]
[www.enableds.com/products/ultramobile/blog-archive.html]
[www.enableds.com/products/ultramobile/media-gallery-wide.html]
[www.enableds.com/products/ultramobile/media-gallery-thumbs.html]
[www.enableds.com/products/ultramobile/media-gallery-filter.html]
[www.enableds.com/products/ultramobile/media-gallery-collections.html]
[www.enableds.com/products/ultramobile/media-portfolio-instant.html]
[www.enableds.com/products/ultramobile/media-portfolio-one-v1.html]
[www.enableds.com/products/ultramobile/media-portfolio-one-v2.html]
[www.enableds.com/products/ultramobile/media-portfolio-one-v3.html]
[www.enableds.com/products/ultramobile/media-portfolio-two-v1.html]
[www.enableds.com/products/ultramobile/media-portfolio-two-v2.html]
[www.enableds.com/products/ultramobile/media-project-1.html]
[www.enableds.com/products/ultramobile/media.html]
[www.enableds.com/products/ultramobile/contact.html]
[www.enableds.com/products/ultramobile/media-project-2.html]
[www.enableds.com/products/ultramobile/fonts/webfonts/fa-brands-400.svg]
[www.enableds.com/products/ultramobile/fonts/webfonts/fa-regular-400.svg]
[www.enableds.com/products/ultramobile/fonts/webfonts/fa-solid-900.svg]
[www.enableds.com/products/ultramobile/images/preload-logo.png]
[www.enableds.com/products/ultramobile/page-about.html]
[www.enableds.com/products/ultramobile/home-classic.html]
[www.enableds.com/products/ultramobile/home-cover.html]
[www.enableds.com/products/ultramobile/images/pictures/8lq.jpg]
[www.enableds.com/products/ultramobile/images/pictures/5lq.jpg]
[www.enableds.com/products/ultramobile/images/pictures/7lq.jpg]
[www.enableds.com/products/ultramobile/images/pictures/0s.png]
[www.enableds.com/products/ultramobile/home-news.html]
[www.enableds.com/products/ultramobile/images/placeholders/5.jpg]
[www.enableds.com/products/ultramobile/images/placeholders/5a.jpg]
[www.enableds.com/products/ultramobile/images/placeholders/5b.jpg]
[www.enableds.com/products/ultramobile/images/placeholders/3a.jpg]
[www.enableds.com/products/ultramobile/images/placeholders/2a.jpg]
[www.enableds.com/products/ultramobile/images/placeholders/1a.jpg]
[www.enableds.com/products/ultramobile/images/placeholders/4a.jpg]
[www.enableds.com/products/ultramobile/images/placeholders/4b.jpg]
[www.enableds.com/products/ultramobile/images/placeholders/4c.jpg]
[www.enableds.com/products/ultramobile/images/placeholders/4d.jpg]
[www.enableds.com/products/ultramobile/home-store.html]
[www.enableds.com/products/ultramobile/images/pictures/isolated/1.jpg]
[www.enableds.com/products/ultramobile/images/pictures/isolated/2.jpg]
[www.enableds.com/products/ultramobile/home-blog.html]
[www.enableds.com/products/ultramobile/home-login.html]
[www.enableds.com/products/ultramobile/page-signup.html]
[www.enableds.com/products/ultramobile/images/icons/16.png]
[www.enableds.com/products/ultramobile/images/icons/9.png]
[www.enableds.com/products/ultramobile/images/icons/7.png]
[www.enableds.com/products/ultramobile/images/icons/12.png]
[www.enableds.com/products/ultramobile/images/icons/19.png]
[www.enableds.com/products/ultramobile/home-walk-1.html]
[www.enableds.com/products/ultramobile/home-walk-2.html]
[www.enableds.com/products/ultramobile/home-walk-3.html]
[www.enableds.com/products/ultramobile/home-walk-4.html]
[www.enableds.com/products/ultramobile/images/products/walk_cut.png]
[www.enableds.com/products/ultramobile/images/products/walk3_cut.png]
[www.enableds.com/products/ultramobile/images/products/walk4_cut.png]
[www.enableds.com/products/ultramobile/home-walk-5.html]
[www.enableds.com/products/ultramobile/component-ad-boxes.html]
[www.enableds.com/products/ultramobile/images/pictures/1w.jpg]
[www.enableds.com/products/ultramobile/images/pictures/2w.jpg]
[www.enableds.com/products/ultramobile/images/pictures/3w.jpg]
[www.enableds.com/products/ultramobile/component-accordions.html]
[www.enableds.com/products/ultramobile/component-action-boxes.html]
[www.enableds.com/products/ultramobile/component-buttons.html]
[www.enableds.com/products/ultramobile/component-backtotop.html]
[www.enableds.com/products/ultramobile/component-charts.html]
[www.enableds.com/products/ultramobile/component-chips.html]
[www.enableds.com/products/ultramobile/component-cookie-box.html]
[www.enableds.com/products/ultramobile/component-content-boxes.html]
[www.enableds.com/products/ultramobile/component-color-cards.html]
[www.enableds.com/products/ultramobile/component-columns.html]
[www.enableds.com/products/ultramobile/component-colors.html]
[www.enableds.com/products/ultramobile/component-dropdowns.html]
[www.enableds.com/products/ultramobile/component-decorations.html]
[www.enableds.com/products/ultramobile/component-graphs.html]
[www.enableds.com/products/ultramobile/component-google-fonts.html]
[www.enableds.com/products/ultramobile/component-inputs.html]
[www.enableds.com/products/ultramobile/component-icons.html]
[www.enableds.com/products/ultramobile/component-icons-font.html]
[www.enableds.com/products/ultramobile/images/pictures/7t.jpg]
[www.enableds.com/products/ultramobile/images/pictures/8t.jpg]
[www.enableds.com/products/ultramobile/images/pictures/9t.jpg]
[www.enableds.com/products/ultramobile/component-images.html]
[www.enableds.com/products/ultramobile/component-background-infinite.html]
[www.enableds.com/products/ultramobile/component-notifications.html]
[www.enableds.com/products/ultramobile/component-os-detection.html]
[www.enableds.com/products/ultramobile/component-quotes.html]
[www.enableds.com/products/ultramobile/component-pagination.html]
[www.enableds.com/products/ultramobile/component-pricing-table.html]
[www.enableds.com/products/ultramobile/component-reviews.html]
[www.enableds.com/products/ultramobile/component-reading-progress.html]
[www.enableds.com/products/ultramobile/component-snackbars.html]
[www.enableds.com/products/ultramobile/component-socials.html]
[www.enableds.com/products/ultramobile/component-share-links.html]
[www.enableds.com/products/ultramobile/component-sortable.html]
[www.enableds.com/products/ultramobile/component-search.html]
[www.enableds.com/products/ultramobile/component-tabs.html]
[www.enableds.com/products/ultramobile/component-tables.html]
[www.enableds.com/products/ultramobile/component-toasts.html]
[www.enableds.com/products/ultramobile/component-toggles.html]
[www.enableds.com/products/ultramobile/component-typography.html]
[www.enableds.com/products/ultramobile/ultra-menus.html]
[www.enableds.com/products/ultramobile/images/pictures/0.jpg]
[www.enableds.com/products/ultramobile/images/pictures/1lq.jpg]
[www.enableds.com/products/ultramobile/images/pictures/6lq.jpg]
[www.enableds.com/products/ultramobile/images/pictures/3lq.jpg]
[www.enableds.com/products/ultramobile/page-article-cards.html]
[www.enableds.com/products/ultramobile/page-article-list.html]
[www.enableds.com/products/ultramobile/page-career.html]
[www.enableds.com/products/ultramobile/page-404.html]
[www.enableds.com/products/ultramobile/page-embeds.html]
[www.enableds.com/products/ultramobile/page-faq.html]
[www.enableds.com/products/ultramobile/images/pictures/9w.jpg]
[www.enableds.com/products/ultramobile/page-login.html]
[www.enableds.com/products/ultramobile/page-maintenance.html]
[www.enableds.com/products/ultramobile/page-register.html]
[www.enableds.com/products/ultramobile/page-team.html]
[www.enableds.com/products/ultramobile/page-timeline-1.html]
[www.enableds.com/products/ultramobile/page-timeline-2.html]
[www.enableds.com/products/ultramobile/images/pictures/8w.jpg]
[www.enableds.com/products/ultramobile/page-forgot.html]
[www.enableds.com/products/ultramobile/page-profile-1.html]
[www.enableds.com/products/ultramobile/page-profile-2.html]
[www.enableds.com/products/ultramobile/page-contact.html]
[www.enableds.com/products/ultramobile/page-system.html]
[www.enableds.com/products/ultramobile/page-task-progress.html]
[www.enableds.com/products/ultramobile/page-tos.html]
[www.enableds.com/products/ultramobile/page-soon.html]
[www.enableds.com/products/ultramobile/scripts/vcard.vcf]
[www.enableds.com/products/ultramobile/www.enableds.com]
[www.enableds.com/products/ultramobile/page-vcard.html]
[www.enableds.com/products/ultramobile/pageapp-calendar.html]
[www.enableds.com/products/ultramobile/pageapp-chat.html]
[www.enableds.com/products/ultramobile/pageapp-cover-slider.html]
[www.enableds.com/products/ultramobile/pageapp-cover-walk-1.html]
[www.enableds.com/products/ultramobile/pageapp-cover-walk-2.html]
[www.enableds.com/products/ultramobile/pageapp-cover-walk-3.html]
[www.enableds.com/products/ultramobile/pageapp-cover-walk-4.html]
[www.enableds.com/products/ultramobile/pageapp-cover-walk-5.html]
[www.enableds.com/products/ultramobile/pageapp-soon.html]
[www.enableds.com/products/ultramobile/pageapp-error.html]
[www.enableds.com/products/ultramobile/images/pictures/10w.jpg]
[www.enableds.com/products/ultramobile/pageapp-login-1.html]
[www.enableds.com/products/ultramobile/pageapp-login-2.html]
[www.enableds.com/products/ultramobile/pageapp-login-3.html]
[www.enableds.com/products/ultramobile/pageapp-map-full.html]
[www.enableds.com/products/ultramobile/images/placeholders/6.jpg]
[www.enableds.com/products/ultramobile/images/placeholders/7.jpg]
[www.enableds.com/products/ultramobile/images/placeholders/1.jpg]
[www.enableds.com/products/ultramobile/images/placeholders/2.jpg]
[www.enableds.com/products/ultramobile/images/placeholders/3.jpg]
[www.enableds.com/products/ultramobile/store-cover.html]
[www.enableds.com/products/ultramobile/store-home-1.html]
[www.enableds.com/products/ultramobile/store-home-2.html]
[www.enableds.com/products/ultramobile/images/placeholders/7a.jpg]
[www.enableds.com/products/ultramobile/images/placeholders/6a.jpg]
[www.enableds.com/products/ultramobile/store-home-3.html]
[www.enableds.com/products/ultramobile/images/placeholders/1b.jpg]
[www.enableds.com/products/ultramobile/store-product-1.html]
[www.enableds.com/products/ultramobile/store-product-2.html]
[www.enableds.com/products/ultramobile/store-cart-1.html]
[www.enableds.com/products/ultramobile/store-cart-2.html]
[www.enableds.com/products/ultramobile/store-checkout-1.html]
[www.enableds.com/products/ultramobile/store-checkout-2.html]
[www.enableds.com/products/ultramobile/store-invoice.html]
[www.enableds.com/products/ultramobile/store-list-list.html]
[www.enableds.com/products/ultramobile/images/placeholders/4.jpg]
[www.enableds.com/products/ultramobile/store-list-columns.html]
[www.enableds.com/products/ultramobile/news-cover.html]
[www.enableds.com/products/ultramobile/news-home.html]
[www.enableds.com/products/ultramobile/news-article.html]
[www.enableds.com/products/ultramobile/news-list-1.html]
[www.enableds.com/products/ultramobile/news-list-2.html]
[www.enableds.com/products/ultramobile/news-list-3.html]
[www.enableds.com/products/ultramobile/news-bookmarks.html]
[www.enableds.com/products/ultramobile/news-archive.html]
[www.enableds.com/products/ultramobile/blog-home.html]
[www.enableds.com/products/ultramobile/blog-post.html]
[www.enableds.com/products/ultramobile/blog-list.html]
[www.enableds.com/products/ultramobile/blog-column.html]
[www.enableds.com/products/ultramobile/blog-categories.html]
[www.enableds.com/products/ultramobile/blog-archive.html]
[www.enableds.com/products/ultramobile/media-gallery-wide.html]
[www.enableds.com/products/ultramobile/media-gallery-thumbs.html]
[www.enableds.com/products/ultramobile/images/pictures/isolated/8.jpg]
[www.enableds.com/products/ultramobile/images/pictures/isolated/7.jpg]
[www.enableds.com/products/ultramobile/images/pictures/isolated/9.jpg]
[www.enableds.com/products/ultramobile/media-gallery-filter.html]
[www.enableds.com/products/ultramobile/images/pictures/isolated/3.jpg]
[www.enableds.com/products/ultramobile/images/pictures/isolated/4.jpg]
[www.enableds.com/products/ultramobile/images/pictures/isolated/5.jpg]
[www.enableds.com/products/ultramobile/images/pictures/isolated/6.jpg]
[www.enableds.com/products/ultramobile/media-gallery-collections.html]
[www.enableds.com/products/ultramobile/media-portfolio-instant.html]
[www.enableds.com/products/ultramobile/media-portfolio-one-v1.html]
[www.enableds.com/products/ultramobile/media-portfolio-one-v2.html]
[www.enableds.com/products/ultramobile/media-portfolio-one-v3.html]
[www.enableds.com/products/ultramobile/media-portfolio-two-v1.html]
[www.enableds.com/products/ultramobile/media-portfolio-two-v2.html]
[www.enableds.com/products/ultramobile/features.html]
[www.enableds.com/products/ultramobile/media-project-1.html]
[www.enableds.com/products/ultramobile/media-project-2.html]
[www.enableds.com/products/ultramobile/page-signup.html]
[www.enableds.com/products/ultramobile/page-contact.html]
[www.enableds.com/products/ultramobile/www.enableds.html]
[www.enableds.com/products/ultramobile/features.html]
